[0 ns] ==================================================
[0 ns]   sp_ram_128x8 : tb start (self-checking)
[0 ns] ==================================================
[0 ns] --------------------------------------------------
[0 ns] TC1 : ghi/doc toan bo 128 byte
[0 ns] --------------------------------------------------
[2576000 ns] PASS #1  R addr=0 data=a5  (sweep)
[2596000 ns] PASS #2  R addr=1 data=a4  (sweep)
[2616000 ns] PASS #3  R addr=2 data=a7  (sweep)
[2636000 ns] PASS #4  R addr=3 data=a6  (sweep)
[2656000 ns] PASS #5  R addr=4 data=a1  (sweep)
[2676000 ns] PASS #6  R addr=5 data=a0  (sweep)
[2696000 ns] PASS #7  R addr=6 data=a3  (sweep)
[2716000 ns] PASS #8  R addr=7 data=a2  (sweep)
[2736000 ns] PASS #9  R addr=8 data=ad  (sweep)
[2756000 ns] PASS #10  R addr=9 data=ac  (sweep)
[2776000 ns] PASS #11  R addr=10 data=af  (sweep)
[2796000 ns] PASS #12  R addr=11 data=ae  (sweep)
[2816000 ns] PASS #13  R addr=12 data=a9  (sweep)
[2836000 ns] PASS #14  R addr=13 data=a8  (sweep)
[2856000 ns] PASS #15  R addr=14 data=ab  (sweep)
[2876000 ns] PASS #16  R addr=15 data=aa  (sweep)
[2896000 ns] PASS #17  R addr=16 data=b5  (sweep)
[2916000 ns] PASS #18  R addr=17 data=b4  (sweep)
[2936000 ns] PASS #19  R addr=18 data=b7  (sweep)
[2956000 ns] PASS #20  R addr=19 data=b6  (sweep)
[2976000 ns] PASS #21  R addr=20 data=b1  (sweep)
[2996000 ns] PASS #22  R addr=21 data=b0  (sweep)
[3016000 ns] PASS #23  R addr=22 data=b3  (sweep)
[3036000 ns] PASS #24  R addr=23 data=b2  (sweep)
[3056000 ns] PASS #25  R addr=24 data=bd  (sweep)
[3076000 ns] PASS #26  R addr=25 data=bc  (sweep)
[3096000 ns] PASS #27  R addr=26 data=bf  (sweep)
[3116000 ns] PASS #28  R addr=27 data=be  (sweep)
[3136000 ns] PASS #29  R addr=28 data=b9  (sweep)
[3156000 ns] PASS #30  R addr=29 data=b8  (sweep)
[3176000 ns] PASS #31  R addr=30 data=bb  (sweep)
[3196000 ns] PASS #32  R addr=31 data=ba  (sweep)
[3216000 ns] PASS #33  R addr=32 data=85  (sweep)
[3236000 ns] PASS #34  R addr=33 data=84  (sweep)
[3256000 ns] PASS #35  R addr=34 data=87  (sweep)
[3276000 ns] PASS #36  R addr=35 data=86  (sweep)
[3296000 ns] PASS #37  R addr=36 data=81  (sweep)
[3316000 ns] PASS #38  R addr=37 data=80  (sweep)
[3336000 ns] PASS #39  R addr=38 data=83  (sweep)
[3356000 ns] PASS #40  R addr=39 data=82  (sweep)
[3376000 ns] PASS #41  R addr=40 data=8d  (sweep)
[3396000 ns] PASS #42  R addr=41 data=8c  (sweep)
[3416000 ns] PASS #43  R addr=42 data=8f  (sweep)
[3436000 ns] PASS #44  R addr=43 data=8e  (sweep)
[3456000 ns] PASS #45  R addr=44 data=89  (sweep)
[3476000 ns] PASS #46  R addr=45 data=88  (sweep)
[3496000 ns] PASS #47  R addr=46 data=8b  (sweep)
[3516000 ns] PASS #48  R addr=47 data=8a  (sweep)
[3536000 ns] PASS #49  R addr=48 data=95  (sweep)
[3556000 ns] PASS #50  R addr=49 data=94  (sweep)
[3576000 ns] PASS #51  R addr=50 data=97  (sweep)
[3596000 ns] PASS #52  R addr=51 data=96  (sweep)
[3616000 ns] PASS #53  R addr=52 data=91  (sweep)
[3636000 ns] PASS #54  R addr=53 data=90  (sweep)
[3656000 ns] PASS #55  R addr=54 data=93  (sweep)
[3676000 ns] PASS #56  R addr=55 data=92  (sweep)
[3696000 ns] PASS #57  R addr=56 data=9d  (sweep)
[3716000 ns] PASS #58  R addr=57 data=9c  (sweep)
[3736000 ns] PASS #59  R addr=58 data=9f  (sweep)
[3756000 ns] PASS #60  R addr=59 data=9e  (sweep)
[3776000 ns] PASS #61  R addr=60 data=99  (sweep)
[3796000 ns] PASS #62  R addr=61 data=98  (sweep)
[3816000 ns] PASS #63  R addr=62 data=9b  (sweep)
[3836000 ns] PASS #64  R addr=63 data=9a  (sweep)
[3856000 ns] PASS #65  R addr=64 data=e5  (sweep)
[3876000 ns] PASS #66  R addr=65 data=e4  (sweep)
[3896000 ns] PASS #67  R addr=66 data=e7  (sweep)
[3916000 ns] PASS #68  R addr=67 data=e6  (sweep)
[3936000 ns] PASS #69  R addr=68 data=e1  (sweep)
[3956000 ns] PASS #70  R addr=69 data=e0  (sweep)
[3976000 ns] PASS #71  R addr=70 data=e3  (sweep)
[3996000 ns] PASS #72  R addr=71 data=e2  (sweep)
[4016000 ns] PASS #73  R addr=72 data=ed  (sweep)
[4036000 ns] PASS #74  R addr=73 data=ec  (sweep)
[4056000 ns] PASS #75  R addr=74 data=ef  (sweep)
[4076000 ns] PASS #76  R addr=75 data=ee  (sweep)
[4096000 ns] PASS #77  R addr=76 data=e9  (sweep)
[4116000 ns] PASS #78  R addr=77 data=e8  (sweep)
[4136000 ns] PASS #79  R addr=78 data=eb  (sweep)
[4156000 ns] PASS #80  R addr=79 data=ea  (sweep)
[4176000 ns] PASS #81  R addr=80 data=f5  (sweep)
[4196000 ns] PASS #82  R addr=81 data=f4  (sweep)
[4216000 ns] PASS #83  R addr=82 data=f7  (sweep)
[4236000 ns] PASS #84  R addr=83 data=f6  (sweep)
[4256000 ns] PASS #85  R addr=84 data=f1  (sweep)
[4276000 ns] PASS #86  R addr=85 data=f0  (sweep)
[4296000 ns] PASS #87  R addr=86 data=f3  (sweep)
[4316000 ns] PASS #88  R addr=87 data=f2  (sweep)
[4336000 ns] PASS #89  R addr=88 data=fd  (sweep)
[4356000 ns] PASS #90  R addr=89 data=fc  (sweep)
[4376000 ns] PASS #91  R addr=90 data=ff  (sweep)
[4396000 ns] PASS #92  R addr=91 data=fe  (sweep)
[4416000 ns] PASS #93  R addr=92 data=f9  (sweep)
[4436000 ns] PASS #94  R addr=93 data=f8  (sweep)
[4456000 ns] PASS #95  R addr=94 data=fb  (sweep)
[4476000 ns] PASS #96  R addr=95 data=fa  (sweep)
[4496000 ns] PASS #97  R addr=96 data=c5  (sweep)
[4516000 ns] PASS #98  R addr=97 data=c4  (sweep)
[4536000 ns] PASS #99  R addr=98 data=c7  (sweep)
[4556000 ns] PASS #100  R addr=99 data=c6  (sweep)
[4576000 ns] PASS #101  R addr=100 data=c1  (sweep)
[4596000 ns] PASS #102  R addr=101 data=c0  (sweep)
[4616000 ns] PASS #103  R addr=102 data=c3  (sweep)
[4636000 ns] PASS #104  R addr=103 data=c2  (sweep)
[4656000 ns] PASS #105  R addr=104 data=cd  (sweep)
[4676000 ns] PASS #106  R addr=105 data=cc  (sweep)
[4696000 ns] PASS #107  R addr=106 data=cf  (sweep)
[4716000 ns] PASS #108  R addr=107 data=ce  (sweep)
[4736000 ns] PASS #109  R addr=108 data=c9  (sweep)
[4756000 ns] PASS #110  R addr=109 data=c8  (sweep)
[4776000 ns] PASS #111  R addr=110 data=cb  (sweep)
[4796000 ns] PASS #112  R addr=111 data=ca  (sweep)
[4816000 ns] PASS #113  R addr=112 data=d5  (sweep)
[4836000 ns] PASS #114  R addr=113 data=d4  (sweep)
[4856000 ns] PASS #115  R addr=114 data=d7  (sweep)
[4876000 ns] PASS #116  R addr=115 data=d6  (sweep)
[4896000 ns] PASS #117  R addr=116 data=d1  (sweep)
[4916000 ns] PASS #118  R addr=117 data=d0  (sweep)
[4936000 ns] PASS #119  R addr=118 data=d3  (sweep)
[4956000 ns] PASS #120  R addr=119 data=d2  (sweep)
[4976000 ns] PASS #121  R addr=120 data=dd  (sweep)
[4996000 ns] PASS #122  R addr=121 data=dc  (sweep)
[5016000 ns] PASS #123  R addr=122 data=df  (sweep)
[5036000 ns] PASS #124  R addr=123 data=de  (sweep)
[5056000 ns] PASS #125  R addr=124 data=d9  (sweep)
[5076000 ns] PASS #126  R addr=125 data=d8  (sweep)
[5096000 ns] PASS #127  R addr=126 data=db  (sweep)
[5116000 ns] PASS #128  R addr=127 data=da  (sweep)
[5120000 ns] --------------------------------------------------
[5120000 ns] TC2 : cs=0 khi ghi khong thay doi RAM
[5120000 ns] --------------------------------------------------
[5156000 ns] PASS #129  R addr=50 data=de  (truoc khi cs=0 write)
[5196000 ns] PASS #130  R addr=50 data=de  (sau cs=0 write (phai la DE))
[5200000 ns] --------------------------------------------------
[5200000 ns] TC3 : oe=0 khi doc -> bus Z
[5200000 ns] --------------------------------------------------
[5216000 ns] PASS #131  Z-bus  (cs=1 wr_e=0 oe=0)
[5236000 ns] PASS #132  Z-bus  (cs=0 oe=1)
[5240000 ns] --------------------------------------------------
[5240000 ns] TC4 : ghi roi doc ngay lap tuc
[5240000 ns] --------------------------------------------------
[5276000 ns] PASS #133  R addr=99 data=be  (back-to-back)
[5280000 ns] --------------------------------------------------
[5280000 ns] TC5 : ngau nhien 50 giao dich
[5280000 ns] --------------------------------------------------
[5316000 ns] PASS #134  R addr=36 data=81  (random)
[5356000 ns] PASS #135  R addr=9 data=63  (random)
[5396000 ns] PASS #136  R addr=13 data=8d  (random)
[5436000 ns] PASS #137  R addr=101 data=12  (random)
[5476000 ns] PASS #138  R addr=1 data=0d  (random)
[5516000 ns] PASS #139  R addr=118 data=3d  (random)
[5556000 ns] PASS #140  R addr=109 data=8c  (random)
[5596000 ns] PASS #141  R addr=121 data=c6  (random)
[5636000 ns] PASS #142  R addr=69 data=aa  (random)
[5676000 ns] PASS #143  R addr=101 data=77  (random)
[5716000 ns] PASS #144  R addr=18 data=8f  (random)
[5756000 ns] PASS #145  R addr=114 data=ce  (random)
[5796000 ns] PASS #146  R addr=104 data=c5  (random)
[5836000 ns] PASS #147  R addr=92 data=bd  (random)
[5876000 ns] PASS #148  R addr=45 data=65  (random)
[5916000 ns] PASS #149  R addr=99 data=0a  (random)
[5956000 ns] PASS #150  R addr=0 data=20  (random)
[5996000 ns] PASS #151  R addr=42 data=9d  (random)
[6036000 ns] PASS #152  R addr=22 data=13  (random)
[6076000 ns] PASS #153  R addr=13 data=53  (random)
[6116000 ns] PASS #154  R addr=107 data=d5  (random)
[6156000 ns] PASS #155  R addr=2 data=ae  (random)
[6196000 ns] PASS #156  R addr=29 data=cf  (random)
[6236000 ns] PASS #157  R addr=35 data=0a  (random)
[6276000 ns] PASS #158  R addr=74 data=3c  (random)
[6316000 ns] PASS #159  R addr=114 data=8a  (random)
[6356000 ns] PASS #160  R addr=65 data=d8  (random)
[6396000 ns] PASS #161  R addr=120 data=89  (random)
[6436000 ns] PASS #162  R addr=107 data=b6  (random)
[6476000 ns] PASS #163  R addr=70 data=ae  (random)
[6516000 ns] PASS #164  R addr=60 data=2a  (random)
[6556000 ns] PASS #165  R addr=11 data=71  (random)
[6596000 ns] PASS #166  R addr=5 data=4f  (random)
[6636000 ns] PASS #167  R addr=59 data=3a  (random)
[6676000 ns] PASS #168  R addr=126 data=15  (random)
[6716000 ns] PASS #169  R addr=113 data=d9  (random)
[6756000 ns] PASS #170  R addr=98 data=4c  (random)
[6796000 ns] PASS #171  R addr=31 data=8f  (random)
[6836000 ns] PASS #172  R addr=120 data=b7  (random)
[6876000 ns] PASS #173  R addr=31 data=5c  (random)
[6916000 ns] PASS #174  R addr=91 data=89  (random)
[6956000 ns] PASS #175  R addr=73 data=d0  (random)
[6996000 ns] PASS #176  R addr=87 data=51  (random)
[7036000 ns] PASS #177  R addr=22 data=0c  (random)
[7076000 ns] PASS #178  R addr=66 data=c8  (random)
[7116000 ns] PASS #179  R addr=119 data=3d  (random)
[7156000 ns] PASS #180  R addr=18 data=7e  (random)
[7196000 ns] PASS #181  R addr=109 data=39  (random)
[7236000 ns] PASS #182  R addr=31 data=d3  (random)
[7276000 ns] PASS #183  R addr=5 data=78  (random)
[7280000 ns] ==================================================
[7280000 ns] SUMMARY  total=183  pass=183  fail=0
[7280000 ns] RESULT : ALL TESTS PASSED
