[0 ns] ==================================================
[0 ns]   dual_port_ram_1kx8 : tb start
[0 ns] ==================================================
[0 ns] --------------------------------------------------
[0 ns] TC1 : bien addr=0 va addr=1023
[0 ns] --------------------------------------------------
[56000 ns] PASS #1  R  addr=0  data=aa  (addr=0)
[76000 ns] PASS #2  R  addr=1023  data=55  (addr=1023)
[80000 ns] --------------------------------------------------
[80000 ns] TC2 : mem[i] = i[7:0] cho i=0..255
[80000 ns] --------------------------------------------------
[5216000 ns] PASS #3  R  addr=0  data=00  (i[7:0])
[5236000 ns] PASS #4  R  addr=1  data=01  (i[7:0])
[5256000 ns] PASS #5  R  addr=2  data=02  (i[7:0])
[5276000 ns] PASS #6  R  addr=3  data=03  (i[7:0])
[5296000 ns] PASS #7  R  addr=4  data=04  (i[7:0])
[5316000 ns] PASS #8  R  addr=5  data=05  (i[7:0])
[5336000 ns] PASS #9  R  addr=6  data=06  (i[7:0])
[5356000 ns] PASS #10  R  addr=7  data=07  (i[7:0])
[5376000 ns] PASS #11  R  addr=8  data=08  (i[7:0])
[5396000 ns] PASS #12  R  addr=9  data=09  (i[7:0])
[5416000 ns] PASS #13  R  addr=10  data=0a  (i[7:0])
[5436000 ns] PASS #14  R  addr=11  data=0b  (i[7:0])
[5456000 ns] PASS #15  R  addr=12  data=0c  (i[7:0])
[5476000 ns] PASS #16  R  addr=13  data=0d  (i[7:0])
[5496000 ns] PASS #17  R  addr=14  data=0e  (i[7:0])
[5516000 ns] PASS #18  R  addr=15  data=0f  (i[7:0])
[5536000 ns] PASS #19  R  addr=16  data=10  (i[7:0])
[5556000 ns] PASS #20  R  addr=17  data=11  (i[7:0])
[5576000 ns] PASS #21  R  addr=18  data=12  (i[7:0])
[5596000 ns] PASS #22  R  addr=19  data=13  (i[7:0])
[5616000 ns] PASS #23  R  addr=20  data=14  (i[7:0])
[5636000 ns] PASS #24  R  addr=21  data=15  (i[7:0])
[5656000 ns] PASS #25  R  addr=22  data=16  (i[7:0])
[5676000 ns] PASS #26  R  addr=23  data=17  (i[7:0])
[5696000 ns] PASS #27  R  addr=24  data=18  (i[7:0])
[5716000 ns] PASS #28  R  addr=25  data=19  (i[7:0])
[5736000 ns] PASS #29  R  addr=26  data=1a  (i[7:0])
[5756000 ns] PASS #30  R  addr=27  data=1b  (i[7:0])
[5776000 ns] PASS #31  R  addr=28  data=1c  (i[7:0])
[5796000 ns] PASS #32  R  addr=29  data=1d  (i[7:0])
[5816000 ns] PASS #33  R  addr=30  data=1e  (i[7:0])
[5836000 ns] PASS #34  R  addr=31  data=1f  (i[7:0])
[5856000 ns] PASS #35  R  addr=32  data=20  (i[7:0])
[5876000 ns] PASS #36  R  addr=33  data=21  (i[7:0])
[5896000 ns] PASS #37  R  addr=34  data=22  (i[7:0])
[5916000 ns] PASS #38  R  addr=35  data=23  (i[7:0])
[5936000 ns] PASS #39  R  addr=36  data=24  (i[7:0])
[5956000 ns] PASS #40  R  addr=37  data=25  (i[7:0])
[5976000 ns] PASS #41  R  addr=38  data=26  (i[7:0])
[5996000 ns] PASS #42  R  addr=39  data=27  (i[7:0])
[6016000 ns] PASS #43  R  addr=40  data=28  (i[7:0])
[6036000 ns] PASS #44  R  addr=41  data=29  (i[7:0])
[6056000 ns] PASS #45  R  addr=42  data=2a  (i[7:0])
[6076000 ns] PASS #46  R  addr=43  data=2b  (i[7:0])
[6096000 ns] PASS #47  R  addr=44  data=2c  (i[7:0])
[6116000 ns] PASS #48  R  addr=45  data=2d  (i[7:0])
[6136000 ns] PASS #49  R  addr=46  data=2e  (i[7:0])
[6156000 ns] PASS #50  R  addr=47  data=2f  (i[7:0])
[6176000 ns] PASS #51  R  addr=48  data=30  (i[7:0])
[6196000 ns] PASS #52  R  addr=49  data=31  (i[7:0])
[6216000 ns] PASS #53  R  addr=50  data=32  (i[7:0])
[6236000 ns] PASS #54  R  addr=51  data=33  (i[7:0])
[6256000 ns] PASS #55  R  addr=52  data=34  (i[7:0])
[6276000 ns] PASS #56  R  addr=53  data=35  (i[7:0])
[6296000 ns] PASS #57  R  addr=54  data=36  (i[7:0])
[6316000 ns] PASS #58  R  addr=55  data=37  (i[7:0])
[6336000 ns] PASS #59  R  addr=56  data=38  (i[7:0])
[6356000 ns] PASS #60  R  addr=57  data=39  (i[7:0])
[6376000 ns] PASS #61  R  addr=58  data=3a  (i[7:0])
[6396000 ns] PASS #62  R  addr=59  data=3b  (i[7:0])
[6416000 ns] PASS #63  R  addr=60  data=3c  (i[7:0])
[6436000 ns] PASS #64  R  addr=61  data=3d  (i[7:0])
[6456000 ns] PASS #65  R  addr=62  data=3e  (i[7:0])
[6476000 ns] PASS #66  R  addr=63  data=3f  (i[7:0])
[6496000 ns] PASS #67  R  addr=64  data=40  (i[7:0])
[6516000 ns] PASS #68  R  addr=65  data=41  (i[7:0])
[6536000 ns] PASS #69  R  addr=66  data=42  (i[7:0])
[6556000 ns] PASS #70  R  addr=67  data=43  (i[7:0])
[6576000 ns] PASS #71  R  addr=68  data=44  (i[7:0])
[6596000 ns] PASS #72  R  addr=69  data=45  (i[7:0])
[6616000 ns] PASS #73  R  addr=70  data=46  (i[7:0])
[6636000 ns] PASS #74  R  addr=71  data=47  (i[7:0])
[6656000 ns] PASS #75  R  addr=72  data=48  (i[7:0])
[6676000 ns] PASS #76  R  addr=73  data=49  (i[7:0])
[6696000 ns] PASS #77  R  addr=74  data=4a  (i[7:0])
[6716000 ns] PASS #78  R  addr=75  data=4b  (i[7:0])
[6736000 ns] PASS #79  R  addr=76  data=4c  (i[7:0])
[6756000 ns] PASS #80  R  addr=77  data=4d  (i[7:0])
[6776000 ns] PASS #81  R  addr=78  data=4e  (i[7:0])
[6796000 ns] PASS #82  R  addr=79  data=4f  (i[7:0])
[6816000 ns] PASS #83  R  addr=80  data=50  (i[7:0])
[6836000 ns] PASS #84  R  addr=81  data=51  (i[7:0])
[6856000 ns] PASS #85  R  addr=82  data=52  (i[7:0])
[6876000 ns] PASS #86  R  addr=83  data=53  (i[7:0])
[6896000 ns] PASS #87  R  addr=84  data=54  (i[7:0])
[6916000 ns] PASS #88  R  addr=85  data=55  (i[7:0])
[6936000 ns] PASS #89  R  addr=86  data=56  (i[7:0])
[6956000 ns] PASS #90  R  addr=87  data=57  (i[7:0])
[6976000 ns] PASS #91  R  addr=88  data=58  (i[7:0])
[6996000 ns] PASS #92  R  addr=89  data=59  (i[7:0])
[7016000 ns] PASS #93  R  addr=90  data=5a  (i[7:0])
[7036000 ns] PASS #94  R  addr=91  data=5b  (i[7:0])
[7056000 ns] PASS #95  R  addr=92  data=5c  (i[7:0])
[7076000 ns] PASS #96  R  addr=93  data=5d  (i[7:0])
[7096000 ns] PASS #97  R  addr=94  data=5e  (i[7:0])
[7116000 ns] PASS #98  R  addr=95  data=5f  (i[7:0])
[7136000 ns] PASS #99  R  addr=96  data=60  (i[7:0])
[7156000 ns] PASS #100  R  addr=97  data=61  (i[7:0])
[7176000 ns] PASS #101  R  addr=98  data=62  (i[7:0])
[7196000 ns] PASS #102  R  addr=99  data=63  (i[7:0])
[7216000 ns] PASS #103  R  addr=100  data=64  (i[7:0])
[7236000 ns] PASS #104  R  addr=101  data=65  (i[7:0])
[7256000 ns] PASS #105  R  addr=102  data=66  (i[7:0])
[7276000 ns] PASS #106  R  addr=103  data=67  (i[7:0])
[7296000 ns] PASS #107  R  addr=104  data=68  (i[7:0])
[7316000 ns] PASS #108  R  addr=105  data=69  (i[7:0])
[7336000 ns] PASS #109  R  addr=106  data=6a  (i[7:0])
[7356000 ns] PASS #110  R  addr=107  data=6b  (i[7:0])
[7376000 ns] PASS #111  R  addr=108  data=6c  (i[7:0])
[7396000 ns] PASS #112  R  addr=109  data=6d  (i[7:0])
[7416000 ns] PASS #113  R  addr=110  data=6e  (i[7:0])
[7436000 ns] PASS #114  R  addr=111  data=6f  (i[7:0])
[7456000 ns] PASS #115  R  addr=112  data=70  (i[7:0])
[7476000 ns] PASS #116  R  addr=113  data=71  (i[7:0])
[7496000 ns] PASS #117  R  addr=114  data=72  (i[7:0])
[7516000 ns] PASS #118  R  addr=115  data=73  (i[7:0])
[7536000 ns] PASS #119  R  addr=116  data=74  (i[7:0])
[7556000 ns] PASS #120  R  addr=117  data=75  (i[7:0])
[7576000 ns] PASS #121  R  addr=118  data=76  (i[7:0])
[7596000 ns] PASS #122  R  addr=119  data=77  (i[7:0])
[7616000 ns] PASS #123  R  addr=120  data=78  (i[7:0])
[7636000 ns] PASS #124  R  addr=121  data=79  (i[7:0])
[7656000 ns] PASS #125  R  addr=122  data=7a  (i[7:0])
[7676000 ns] PASS #126  R  addr=123  data=7b  (i[7:0])
[7696000 ns] PASS #127  R  addr=124  data=7c  (i[7:0])
[7716000 ns] PASS #128  R  addr=125  data=7d  (i[7:0])
[7736000 ns] PASS #129  R  addr=126  data=7e  (i[7:0])
[7756000 ns] PASS #130  R  addr=127  data=7f  (i[7:0])
[7776000 ns] PASS #131  R  addr=128  data=80  (i[7:0])
[7796000 ns] PASS #132  R  addr=129  data=81  (i[7:0])
[7816000 ns] PASS #133  R  addr=130  data=82  (i[7:0])
[7836000 ns] PASS #134  R  addr=131  data=83  (i[7:0])
[7856000 ns] PASS #135  R  addr=132  data=84  (i[7:0])
[7876000 ns] PASS #136  R  addr=133  data=85  (i[7:0])
[7896000 ns] PASS #137  R  addr=134  data=86  (i[7:0])
[7916000 ns] PASS #138  R  addr=135  data=87  (i[7:0])
[7936000 ns] PASS #139  R  addr=136  data=88  (i[7:0])
[7956000 ns] PASS #140  R  addr=137  data=89  (i[7:0])
[7976000 ns] PASS #141  R  addr=138  data=8a  (i[7:0])
[7996000 ns] PASS #142  R  addr=139  data=8b  (i[7:0])
[8016000 ns] PASS #143  R  addr=140  data=8c  (i[7:0])
[8036000 ns] PASS #144  R  addr=141  data=8d  (i[7:0])
[8056000 ns] PASS #145  R  addr=142  data=8e  (i[7:0])
[8076000 ns] PASS #146  R  addr=143  data=8f  (i[7:0])
[8096000 ns] PASS #147  R  addr=144  data=90  (i[7:0])
[8116000 ns] PASS #148  R  addr=145  data=91  (i[7:0])
[8136000 ns] PASS #149  R  addr=146  data=92  (i[7:0])
[8156000 ns] PASS #150  R  addr=147  data=93  (i[7:0])
[8176000 ns] PASS #151  R  addr=148  data=94  (i[7:0])
[8196000 ns] PASS #152  R  addr=149  data=95  (i[7:0])
[8216000 ns] PASS #153  R  addr=150  data=96  (i[7:0])
[8236000 ns] PASS #154  R  addr=151  data=97  (i[7:0])
[8256000 ns] PASS #155  R  addr=152  data=98  (i[7:0])
[8276000 ns] PASS #156  R  addr=153  data=99  (i[7:0])
[8296000 ns] PASS #157  R  addr=154  data=9a  (i[7:0])
[8316000 ns] PASS #158  R  addr=155  data=9b  (i[7:0])
[8336000 ns] PASS #159  R  addr=156  data=9c  (i[7:0])
[8356000 ns] PASS #160  R  addr=157  data=9d  (i[7:0])
[8376000 ns] PASS #161  R  addr=158  data=9e  (i[7:0])
[8396000 ns] PASS #162  R  addr=159  data=9f  (i[7:0])
[8416000 ns] PASS #163  R  addr=160  data=a0  (i[7:0])
[8436000 ns] PASS #164  R  addr=161  data=a1  (i[7:0])
[8456000 ns] PASS #165  R  addr=162  data=a2  (i[7:0])
[8476000 ns] PASS #166  R  addr=163  data=a3  (i[7:0])
[8496000 ns] PASS #167  R  addr=164  data=a4  (i[7:0])
[8516000 ns] PASS #168  R  addr=165  data=a5  (i[7:0])
[8536000 ns] PASS #169  R  addr=166  data=a6  (i[7:0])
[8556000 ns] PASS #170  R  addr=167  data=a7  (i[7:0])
[8576000 ns] PASS #171  R  addr=168  data=a8  (i[7:0])
[8596000 ns] PASS #172  R  addr=169  data=a9  (i[7:0])
[8616000 ns] PASS #173  R  addr=170  data=aa  (i[7:0])
[8636000 ns] PASS #174  R  addr=171  data=ab  (i[7:0])
[8656000 ns] PASS #175  R  addr=172  data=ac  (i[7:0])
[8676000 ns] PASS #176  R  addr=173  data=ad  (i[7:0])
[8696000 ns] PASS #177  R  addr=174  data=ae  (i[7:0])
[8716000 ns] PASS #178  R  addr=175  data=af  (i[7:0])
[8736000 ns] PASS #179  R  addr=176  data=b0  (i[7:0])
[8756000 ns] PASS #180  R  addr=177  data=b1  (i[7:0])
[8776000 ns] PASS #181  R  addr=178  data=b2  (i[7:0])
[8796000 ns] PASS #182  R  addr=179  data=b3  (i[7:0])
[8816000 ns] PASS #183  R  addr=180  data=b4  (i[7:0])
[8836000 ns] PASS #184  R  addr=181  data=b5  (i[7:0])
[8856000 ns] PASS #185  R  addr=182  data=b6  (i[7:0])
[8876000 ns] PASS #186  R  addr=183  data=b7  (i[7:0])
[8896000 ns] PASS #187  R  addr=184  data=b8  (i[7:0])
[8916000 ns] PASS #188  R  addr=185  data=b9  (i[7:0])
[8936000 ns] PASS #189  R  addr=186  data=ba  (i[7:0])
[8956000 ns] PASS #190  R  addr=187  data=bb  (i[7:0])
[8976000 ns] PASS #191  R  addr=188  data=bc  (i[7:0])
[8996000 ns] PASS #192  R  addr=189  data=bd  (i[7:0])
[9016000 ns] PASS #193  R  addr=190  data=be  (i[7:0])
[9036000 ns] PASS #194  R  addr=191  data=bf  (i[7:0])
[9056000 ns] PASS #195  R  addr=192  data=c0  (i[7:0])
[9076000 ns] PASS #196  R  addr=193  data=c1  (i[7:0])
[9096000 ns] PASS #197  R  addr=194  data=c2  (i[7:0])
[9116000 ns] PASS #198  R  addr=195  data=c3  (i[7:0])
[9136000 ns] PASS #199  R  addr=196  data=c4  (i[7:0])
[9156000 ns] PASS #200  R  addr=197  data=c5  (i[7:0])
[9176000 ns] PASS #201  R  addr=198  data=c6  (i[7:0])
[9196000 ns] PASS #202  R  addr=199  data=c7  (i[7:0])
[9216000 ns] PASS #203  R  addr=200  data=c8  (i[7:0])
[9236000 ns] PASS #204  R  addr=201  data=c9  (i[7:0])
[9256000 ns] PASS #205  R  addr=202  data=ca  (i[7:0])
[9276000 ns] PASS #206  R  addr=203  data=cb  (i[7:0])
[9296000 ns] PASS #207  R  addr=204  data=cc  (i[7:0])
[9316000 ns] PASS #208  R  addr=205  data=cd  (i[7:0])
[9336000 ns] PASS #209  R  addr=206  data=ce  (i[7:0])
[9356000 ns] PASS #210  R  addr=207  data=cf  (i[7:0])
[9376000 ns] PASS #211  R  addr=208  data=d0  (i[7:0])
[9396000 ns] PASS #212  R  addr=209  data=d1  (i[7:0])
[9416000 ns] PASS #213  R  addr=210  data=d2  (i[7:0])
[9436000 ns] PASS #214  R  addr=211  data=d3  (i[7:0])
[9456000 ns] PASS #215  R  addr=212  data=d4  (i[7:0])
[9476000 ns] PASS #216  R  addr=213  data=d5  (i[7:0])
[9496000 ns] PASS #217  R  addr=214  data=d6  (i[7:0])
[9516000 ns] PASS #218  R  addr=215  data=d7  (i[7:0])
[9536000 ns] PASS #219  R  addr=216  data=d8  (i[7:0])
[9556000 ns] PASS #220  R  addr=217  data=d9  (i[7:0])
[9576000 ns] PASS #221  R  addr=218  data=da  (i[7:0])
[9596000 ns] PASS #222  R  addr=219  data=db  (i[7:0])
[9616000 ns] PASS #223  R  addr=220  data=dc  (i[7:0])
[9636000 ns] PASS #224  R  addr=221  data=dd  (i[7:0])
[9656000 ns] PASS #225  R  addr=222  data=de  (i[7:0])
[9676000 ns] PASS #226  R  addr=223  data=df  (i[7:0])
[9696000 ns] PASS #227  R  addr=224  data=e0  (i[7:0])
[9716000 ns] PASS #228  R  addr=225  data=e1  (i[7:0])
[9736000 ns] PASS #229  R  addr=226  data=e2  (i[7:0])
[9756000 ns] PASS #230  R  addr=227  data=e3  (i[7:0])
[9776000 ns] PASS #231  R  addr=228  data=e4  (i[7:0])
[9796000 ns] PASS #232  R  addr=229  data=e5  (i[7:0])
[9816000 ns] PASS #233  R  addr=230  data=e6  (i[7:0])
[9836000 ns] PASS #234  R  addr=231  data=e7  (i[7:0])
[9856000 ns] PASS #235  R  addr=232  data=e8  (i[7:0])
[9876000 ns] PASS #236  R  addr=233  data=e9  (i[7:0])
[9896000 ns] PASS #237  R  addr=234  data=ea  (i[7:0])
[9916000 ns] PASS #238  R  addr=235  data=eb  (i[7:0])
[9936000 ns] PASS #239  R  addr=236  data=ec  (i[7:0])
[9956000 ns] PASS #240  R  addr=237  data=ed  (i[7:0])
[9976000 ns] PASS #241  R  addr=238  data=ee  (i[7:0])
[9996000 ns] PASS #242  R  addr=239  data=ef  (i[7:0])
[10016000 ns] PASS #243  R  addr=240  data=f0  (i[7:0])
[10036000 ns] PASS #244  R  addr=241  data=f1  (i[7:0])
[10056000 ns] PASS #245  R  addr=242  data=f2  (i[7:0])
[10076000 ns] PASS #246  R  addr=243  data=f3  (i[7:0])
[10096000 ns] PASS #247  R  addr=244  data=f4  (i[7:0])
[10116000 ns] PASS #248  R  addr=245  data=f5  (i[7:0])
[10136000 ns] PASS #249  R  addr=246  data=f6  (i[7:0])
[10156000 ns] PASS #250  R  addr=247  data=f7  (i[7:0])
[10176000 ns] PASS #251  R  addr=248  data=f8  (i[7:0])
[10196000 ns] PASS #252  R  addr=249  data=f9  (i[7:0])
[10216000 ns] PASS #253  R  addr=250  data=fa  (i[7:0])
[10236000 ns] PASS #254  R  addr=251  data=fb  (i[7:0])
[10256000 ns] PASS #255  R  addr=252  data=fc  (i[7:0])
[10276000 ns] PASS #256  R  addr=253  data=fd  (i[7:0])
[10296000 ns] PASS #257  R  addr=254  data=fe  (i[7:0])
[10316000 ns] PASS #258  R  addr=255  data=ff  (i[7:0])
[10320000 ns] --------------------------------------------------
[10320000 ns] TC3 : WriteEn=0 khong thay doi RAM
[10320000 ns] --------------------------------------------------
[10356000 ns] PASS #259  R  addr=100  data=f0  (sau ghi F0)
[10396000 ns] PASS #260  R  addr=100  data=f0  (sau disabled write (phai la F0))
[10400000 ns] --------------------------------------------------
[10400000 ns] TC4 : ReadEn=0 giu ReadData cu
[10400000 ns] --------------------------------------------------
[10436000 ns] PASS #261  R  addr=200  data=12  (set ReadData=12)
[10476000 ns] PASS #262  gated-read  ReadData=12 giu nguyen
[10480000 ns] --------------------------------------------------
[10480000 ns] TC5 : ngau nhien 100 giao dich ghi+doc
[10480000 ns] --------------------------------------------------
[10516000 ns] PASS #263  R  addr=292  data=81  (random)
[10556000 ns] PASS #264  R  addr=521  data=63  (random)
[10596000 ns] PASS #265  R  addr=781  data=8d  (random)
[10636000 ns] PASS #266  R  addr=101  data=12  (random)
[10676000 ns] PASS #267  R  addr=769  data=0d  (random)
[10716000 ns] PASS #268  R  addr=374  data=3d  (random)
[10756000 ns] PASS #269  R  addr=1005  data=8c  (random)
[10796000 ns] PASS #270  R  addr=505  data=c6  (random)
[10836000 ns] PASS #271  R  addr=197  data=aa  (random)
[10876000 ns] PASS #272  R  addr=997  data=77  (random)
[10916000 ns] PASS #273  R  addr=530  data=8f  (random)
[10956000 ns] PASS #274  R  addr=498  data=ce  (random)
[10996000 ns] PASS #275  R  addr=744  data=c5  (random)
[11036000 ns] PASS #276  R  addr=348  data=bd  (random)
[11076000 ns] PASS #277  R  addr=45  data=65  (random)
[11116000 ns] PASS #278  R  addr=611  data=0a  (random)
[11156000 ns] PASS #279  R  addr=640  data=20  (random)
[11196000 ns] PASS #280  R  addr=426  data=9d  (random)
[11236000 ns] PASS #281  R  addr=662  data=13  (random)
[11276000 ns] PASS #282  R  addr=13  data=53  (random)
[11316000 ns] PASS #283  R  addr=363  data=d5  (random)
[11356000 ns] PASS #284  R  addr=514  data=ae  (random)
[11396000 ns] PASS #285  R  addr=285  data=cf  (random)
[11436000 ns] PASS #286  R  addr=291  data=0a  (random)
[11476000 ns] PASS #287  R  addr=714  data=3c  (random)
[11516000 ns] PASS #288  R  addr=498  data=8a  (random)
[11556000 ns] PASS #289  R  addr=833  data=d8  (random)
[11596000 ns] PASS #290  R  addr=888  data=89  (random)
[11636000 ns] PASS #291  R  addr=491  data=b6  (random)
[11676000 ns] PASS #292  R  addr=454  data=ae  (random)
[11716000 ns] PASS #293  R  addr=700  data=2a  (random)
[11756000 ns] PASS #294  R  addr=523  data=71  (random)
[11796000 ns] PASS #295  R  addr=389  data=4f  (random)
[11836000 ns] PASS #296  R  addr=59  data=3a  (random)
[11876000 ns] PASS #297  R  addr=638  data=15  (random)
[11916000 ns] PASS #298  R  addr=1009  data=d9  (random)
[11956000 ns] PASS #299  R  addr=866  data=4c  (random)
[11996000 ns] PASS #300  R  addr=415  data=8f  (random)
[12036000 ns] PASS #301  R  addr=504  data=b7  (random)
[12076000 ns] PASS #302  R  addr=671  data=5c  (random)
[12116000 ns] PASS #303  R  addr=91  data=89  (random)
[12156000 ns] PASS #304  R  addr=585  data=d0  (random)
[12196000 ns] PASS #305  R  addr=215  data=51  (random)
[12236000 ns] PASS #306  R  addr=918  data=0c  (random)
[12276000 ns] PASS #307  R  addr=706  data=c8  (random)
[12316000 ns] PASS #308  R  addr=631  data=3d  (random)
[12356000 ns] PASS #309  R  addr=786  data=7e  (random)
[12396000 ns] PASS #310  R  addr=365  data=39  (random)
[12436000 ns] PASS #311  R  addr=799  data=d3  (random)
[12476000 ns] PASS #312  R  addr=901  data=78  (random)
[12516000 ns] PASS #313  R  addr=347  data=49  (random)
[12556000 ns] PASS #314  R  addr=575  data=2a  (random)
[12596000 ns] PASS #315  R  addr=856  data=86  (random)
[12636000 ns] PASS #316  R  addr=142  data=9c  (random)
[12676000 ns] PASS #317  R  addr=506  data=26  (random)
[12716000 ns] PASS #318  R  addr=883  data=a3  (random)
[12756000 ns] PASS #319  R  addr=47  data=b3  (random)
[12796000 ns] PASS #320  R  addr=607  data=44  (random)
[12836000 ns] PASS #321  R  addr=503  data=cb  (random)
[12876000 ns] PASS #322  R  addr=742  data=5a  (random)
[12916000 ns] PASS #323  R  addr=297  data=ed  (random)
[12956000 ns] PASS #324  R  addr=218  data=65  (random)
[12996000 ns] PASS #325  R  addr=693  data=df  (random)
[13036000 ns] PASS #326  R  addr=377  data=44  (random)
[13076000 ns] PASS #327  R  addr=208  data=2a  (random)
[13116000 ns] PASS #328  R  addr=427  data=0e  (random)
[13156000 ns] PASS #329  R  addr=476  data=9a  (random)
[13196000 ns] PASS #330  R  addr=765  data=c3  (random)
[13236000 ns] PASS #331  R  addr=342  data=4e  (random)
[13276000 ns] PASS #332  R  addr=615  data=0a  (random)
[13316000 ns] PASS #333  R  addr=438  data=38  (random)
[13356000 ns] PASS #334  R  addr=889  data=b8  (random)
[13396000 ns] PASS #335  R  addr=916  data=93  (random)
[13436000 ns] PASS #336  R  addr=4  data=59  (random)
[13476000 ns] PASS #337  R  addr=475  data=4d  (random)
[13516000 ns] PASS #338  R  addr=985  data=6d  (random)
[13556000 ns] PASS #339  R  addr=630  data=ca  (random)
[13596000 ns] PASS #340  R  addr=438  data=95  (random)
[13636000 ns] PASS #341  R  addr=582  data=04  (random)
[13676000 ns] PASS #342  R  addr=503  data=69  (random)
[13716000 ns] PASS #343  R  addr=692  data=88  (random)
[13756000 ns] PASS #344  R  addr=296  data=2d  (random)
[13796000 ns] PASS #345  R  addr=199  data=2e  (random)
[13836000 ns] PASS #346  R  addr=8  data=1c  (random)
[13876000 ns] PASS #347  R  addr=765  data=29  (random)
[13916000 ns] PASS #348  R  addr=28  data=86  (random)
[13956000 ns] PASS #349  R  addr=218  data=3d  (random)
[13996000 ns] PASS #350  R  addr=870  data=70  (random)
[14036000 ns] PASS #351  R  addr=115  data=ba  (random)
[14076000 ns] PASS #352  R  addr=862  data=fa  (random)
[14116000 ns] PASS #353  R  addr=469  data=1a  (random)
[14156000 ns] PASS #354  R  addr=185  data=37  (random)
[14196000 ns] PASS #355  R  addr=918  data=c0  (random)
[14236000 ns] PASS #356  R  addr=806  data=b6  (random)
[14276000 ns] PASS #357  R  addr=893  data=dc  (random)
[14316000 ns] PASS #358  R  addr=902  data=78  (random)
[14356000 ns] PASS #359  R  addr=894  data=db  (random)
[14396000 ns] PASS #360  R  addr=719  data=79  (random)
[14436000 ns] PASS #361  R  addr=250  data=61  (random)
[14476000 ns] PASS #362  R  addr=279  data=a1  (random)
[14480000 ns] ==================================================
[14480000 ns] SUMMARY  total=362  pass=362  fail=0
[14480000 ns] RESULT : ALL TESTS PASSED
