==================================================
  alu32 : tb start
==================================================
[1000 ns] FAIL #1  CPLA       A=0000000f B=000000f0 -> Y=xxxxxxxx (exp=fffffff0)
[6000 ns] FAIL #2  CPLA       A=ffffffff B=00000001 -> Y=xxxxxxxx (exp=00000000)
[11000 ns] FAIL #3  AND        A=0000000f B=000000f0 -> Y=XXffXXXX (exp=00000000)
[16000 ns] FAIL #4  AND        A=ffffffff B=00000001 -> Y=5fde3fe0 (exp=00000001)
[21000 ns] FAIL #5  XOR        A=0000000f B=000000f0 -> Y=00000001 (exp=000000ff)
[26000 ns] FAIL #6  XOR        A=ffffffff B=00000001 -> Y=00000000 (exp=fffffffe)
[31000 ns] FAIL #7  OR         A=0000000f B=000000f0 -> Y=5bde2ffe (exp=000000ff)
[36000 ns] FAIL #8  OR         A=ffffffff B=00000001 -> Y=a021c0ff (exp=ffffffff)
[41000 ns] FAIL #9  DECA       A=0000000f B=000000f0 -> Y=5bde2fff (exp=0000000e)
[46000 ns] FAIL #10  DECA       A=ffffffff B=00000001 -> Y=000000ff (exp=fffffffe)
[51000 ns] FAIL #11  ADD        A=0000000f B=000000f0 -> Y=0000000c (exp=000000ff)
[56000 ns] FAIL #12  ADD        A=ffffffff B=00000001 -> Y=0000000e (exp=00000000)
[61000 ns] FAIL #13  SUB        A=0000000f B=000000f0 -> Y=00000010 (exp=ffffff1f)
[66000 ns] FAIL #14  SUB        A=ffffffff B=00000001 -> Y=000000ff (exp=fffffffe)
[71000 ns] FAIL #15  INCA       A=0000000f B=000000f0 -> Y=2ffc35fe (exp=00000010)
[76000 ns] FAIL #16  INCA       A=ffffffff B=00000001 -> Y=4bfeff1f (exp=00000000)
[81000 ns] FAIL #17  ADD        A=12153524 B=8484d609 -> Y=00000210 (exp=969a0b2d)
[86000 ns] FAIL #18  ADD        A=46df998d B=89375212 -> Y=00000000 (exp=d016eb9f)
[91000 ns] FAIL #19  AND        A=3b23f176 B=76d457ed -> Y=80000000 (exp=32005164)
[96000 ns] FAIL #20  INCA       A=e33724c6 B=d513d2aa -> Y=969a0b2d (exp=e33724c7)
[101000 ns] FAIL #21  CPLA       A=8932d612 B=793069f2 -> Y=5016739f (exp=76cd29ed)
[106000 ns] FAIL #22  ADD        A=e2ca4ec5 B=de8e28bd -> Y=7b77f7ff (exp=c1587782)
[111000 ns] FAIL #23  XOR        A=b1ef6263 B=c03b2280 -> Y=637522fd (exp=71d440e3)
[116000 ns] FAIL #24  OR         A=cecccc9d B=8983b813 -> Y=09304012 (exp=cfcffc9f)
[121000 ns] FAIL #25  ADD        A=359fdd6b B=81174a02 -> Y=20344222 (exp=b6b7276d)
[126000 ns] FAIL #26  DECA       A=e7c572cf B=0509650a -> Y=d9ffe2f3 (exp=e7c572ce)
[131000 ns] FAIL #27  CPLA       A=7968bdf2 B=20c4b341 -> Y=88908031 (exp=8697420d)
[136000 ns] FAIL #28  SUB        A=c48a1289 B=5b0265b6 -> Y=a59fd06e (exp=6987acd3)
[141000 ns] FAIL #29  ADD        A=de7502bc B=85d79a0b -> Y=c7c5668e (exp=644c9cc7)
[146000 ns] FAIL #30  ADD        A=27f2554f B=1d06333a -> Y=59ac0eb3 (exp=44f88889)
[151000 ns] FAIL #31  INCA       A=78d99bf1 B=31230762 -> Y=1d8c683f (exp=78d99bf2)
[156000 ns] FAIL #32  DECA       A=47b9a18f B=dbcd60b7 -> Y=644c9cc7 (exp=47b9a18e)
==================================================
[160000 ns] SUMMARY  total=32  pass=0  fail=32
RESULT : TEST FAILURES DETECTED
