[0 ns] ==================================================
[0 ns]   reg_file_32x32 : tb start
[0 ns] ==================================================
[0 ns] --------------------------------------------------
[0 ns] TC1 : ghi tuan tu 32 thanh ghi, doc qua 2 port
[0 ns] --------------------------------------------------
[641000 ns] PASS #1  R1 addr=0 data=a5a50000  (seq R1)
[642000 ns] PASS #2  R2 addr=0 data=a5a50000  (seq R2)
[643000 ns] PASS #3  R1 addr=1 data=a5a50001  (seq R1)
[644000 ns] PASS #4  R2 addr=1 data=a5a50001  (seq R2)
[645000 ns] PASS #5  R1 addr=2 data=a5a50002  (seq R1)
[646000 ns] PASS #6  R2 addr=2 data=a5a50002  (seq R2)
[647000 ns] PASS #7  R1 addr=3 data=a5a50003  (seq R1)
[648000 ns] PASS #8  R2 addr=3 data=a5a50003  (seq R2)
[649000 ns] PASS #9  R1 addr=4 data=a5a50004  (seq R1)
[650000 ns] PASS #10  R2 addr=4 data=a5a50004  (seq R2)
[651000 ns] PASS #11  R1 addr=5 data=a5a50005  (seq R1)
[652000 ns] PASS #12  R2 addr=5 data=a5a50005  (seq R2)
[653000 ns] PASS #13  R1 addr=6 data=a5a50006  (seq R1)
[654000 ns] PASS #14  R2 addr=6 data=a5a50006  (seq R2)
[655000 ns] PASS #15  R1 addr=7 data=a5a50007  (seq R1)
[656000 ns] PASS #16  R2 addr=7 data=a5a50007  (seq R2)
[657000 ns] PASS #17  R1 addr=8 data=a5a50008  (seq R1)
[658000 ns] PASS #18  R2 addr=8 data=a5a50008  (seq R2)
[659000 ns] PASS #19  R1 addr=9 data=a5a50009  (seq R1)
[660000 ns] PASS #20  R2 addr=9 data=a5a50009  (seq R2)
[661000 ns] PASS #21  R1 addr=10 data=a5a5000a  (seq R1)
[662000 ns] PASS #22  R2 addr=10 data=a5a5000a  (seq R2)
[663000 ns] PASS #23  R1 addr=11 data=a5a5000b  (seq R1)
[664000 ns] PASS #24  R2 addr=11 data=a5a5000b  (seq R2)
[665000 ns] PASS #25  R1 addr=12 data=a5a5000c  (seq R1)
[666000 ns] PASS #26  R2 addr=12 data=a5a5000c  (seq R2)
[667000 ns] PASS #27  R1 addr=13 data=a5a5000d  (seq R1)
[668000 ns] PASS #28  R2 addr=13 data=a5a5000d  (seq R2)
[669000 ns] PASS #29  R1 addr=14 data=a5a5000e  (seq R1)
[670000 ns] PASS #30  R2 addr=14 data=a5a5000e  (seq R2)
[671000 ns] PASS #31  R1 addr=15 data=a5a5000f  (seq R1)
[672000 ns] PASS #32  R2 addr=15 data=a5a5000f  (seq R2)
[673000 ns] PASS #33  R1 addr=16 data=a5a50010  (seq R1)
[674000 ns] PASS #34  R2 addr=16 data=a5a50010  (seq R2)
[675000 ns] PASS #35  R1 addr=17 data=a5a50011  (seq R1)
[676000 ns] PASS #36  R2 addr=17 data=a5a50011  (seq R2)
[677000 ns] PASS #37  R1 addr=18 data=a5a50012  (seq R1)
[678000 ns] PASS #38  R2 addr=18 data=a5a50012  (seq R2)
[679000 ns] PASS #39  R1 addr=19 data=a5a50013  (seq R1)
[680000 ns] PASS #40  R2 addr=19 data=a5a50013  (seq R2)
[681000 ns] PASS #41  R1 addr=20 data=a5a50014  (seq R1)
[682000 ns] PASS #42  R2 addr=20 data=a5a50014  (seq R2)
[683000 ns] PASS #43  R1 addr=21 data=a5a50015  (seq R1)
[684000 ns] PASS #44  R2 addr=21 data=a5a50015  (seq R2)
[685000 ns] PASS #45  R1 addr=22 data=a5a50016  (seq R1)
[686000 ns] PASS #46  R2 addr=22 data=a5a50016  (seq R2)
[687000 ns] PASS #47  R1 addr=23 data=a5a50017  (seq R1)
[688000 ns] PASS #48  R2 addr=23 data=a5a50017  (seq R2)
[689000 ns] PASS #49  R1 addr=24 data=a5a50018  (seq R1)
[690000 ns] PASS #50  R2 addr=24 data=a5a50018  (seq R2)
[691000 ns] PASS #51  R1 addr=25 data=a5a50019  (seq R1)
[692000 ns] PASS #52  R2 addr=25 data=a5a50019  (seq R2)
[693000 ns] PASS #53  R1 addr=26 data=a5a5001a  (seq R1)
[694000 ns] PASS #54  R2 addr=26 data=a5a5001a  (seq R2)
[695000 ns] PASS #55  R1 addr=27 data=a5a5001b  (seq R1)
[696000 ns] PASS #56  R2 addr=27 data=a5a5001b  (seq R2)
[697000 ns] PASS #57  R1 addr=28 data=a5a5001c  (seq R1)
[698000 ns] PASS #58  R2 addr=28 data=a5a5001c  (seq R2)
[699000 ns] PASS #59  R1 addr=29 data=a5a5001d  (seq R1)
[700000 ns] PASS #60  R2 addr=29 data=a5a5001d  (seq R2)
[701000 ns] PASS #61  R1 addr=30 data=a5a5001e  (seq R1)
[702000 ns] PASS #62  R2 addr=30 data=a5a5001e  (seq R2)
[703000 ns] PASS #63  R1 addr=31 data=a5a5001f  (seq R1)
[704000 ns] PASS #64  R2 addr=31 data=a5a5001f  (seq R2)
[704000 ns] --------------------------------------------------
[704000 ns] TC2 : read-during-write, sync-write + async-read
[704000 ns] --------------------------------------------------
[721000 ns] PASS #65  R1 addr=7 data=deadbeef  (ngay sau ghi)
[741000 ns] PASS #66  R2 addr=15 data=12345678  (ngay sau ghi (R2))
[741000 ns] --------------------------------------------------
[741000 ns] TC3 : WriteEn=0 khong ghi
[741000 ns] --------------------------------------------------
[761000 ns] PASS #67  R1 addr=20 data=cafebabe  (truoc khi disabled write)
[781000 ns] PASS #68  R1 addr=20 data=cafebabe  (sau disabled write (phai giu cu))
[781000 ns] --------------------------------------------------
[781000 ns] TC4 : 2 port doc doc lap voi 2 dia chi khac nhau
[781000 ns] --------------------------------------------------
[821000 ns] PASS #69  DUAL a1=3 d1=11111111  a2=25 d2=22222222  (3 va 25)
[822000 ns] PASS #70  DUAL a1=25 d1=22222222  a2=3 d2=11111111  (25 va 3 (doi cho))
[822000 ns] --------------------------------------------------
[822000 ns] TC5 : ngau nhien 50 lan ghi + doc
[822000 ns] --------------------------------------------------
[841000 ns] PASS #71  R1 addr=3 data=11111111  (random R1)
[842000 ns] PASS #72  R2 addr=13 data=a5a5000d  (random R2)
[861000 ns] PASS #73  R1 addr=1 data=a5a50001  (random R1)
[862000 ns] PASS #74  R2 addr=13 data=b2c28465  (random R2)
[881000 ns] PASS #75  R1 addr=12 data=a5a5000c  (random R1)
[882000 ns] PASS #76  R2 addr=25 data=22222222  (random R2)
[901000 ns] PASS #77  R1 addr=5 data=a5a50005  (random R1)
[902000 ns] PASS #78  R2 addr=23 data=a5a50017  (random R2)
[921000 ns] PASS #79  R1 addr=14 data=a5a5000e  (random R1)
[922000 ns] PASS #80  R2 addr=8 data=a5a50008  (random R2)
[941000 ns] PASS #81  R1 addr=13 data=b2c28465  (random R1)
[942000 ns] PASS #82  R2 addr=5 data=2e58495c  (random R2)
[961000 ns] PASS #83  R1 addr=0 data=a5a50000  (random R1)
[962000 ns] PASS #84  R2 addr=10 data=a5a5000a  (random R2)
[981000 ns] PASS #85  R1 addr=13 data=b2c28465  (random R1)
[982000 ns] PASS #86  R2 addr=19 data=a5a50013  (random R2)
[1001000 ns] PASS #87  R1 addr=14 data=a5a5000e  (random R1)
[1002000 ns] PASS #88  R2 addr=29 data=cb203e96  (random R2)
[1021000 ns] PASS #89  R1 addr=10 data=a5a5000a  (random R1)
[1022000 ns] PASS #90  R2 addr=28 data=a5a5001c  (random R2)
[1041000 ns] PASS #91  R1 addr=24 data=a5a50018  (random R1)
[1042000 ns] PASS #92  R2 addr=24 data=a5a50018  (random R2)
[1061000 ns] PASS #93  R1 addr=6 data=e2f784c5  (random R1)
[1062000 ns] PASS #94  R2 addr=14 data=a5a5000e  (random R2)
[1081000 ns] PASS #95  R1 addr=17 data=a5a50011  (random R1)
[1082000 ns] PASS #96  R2 addr=5 data=2e58495c  (random R2)
[1101000 ns] PASS #97  R1 addr=30 data=a5a5001e  (random R1)
[1102000 ns] PASS #98  R2 addr=21 data=a5a50015  (random R2)
[1121000 ns] PASS #99  R1 addr=12 data=a5a5000c  (random R1)
[1122000 ns] PASS #100  R2 addr=31 data=a5a5001f  (random R2)
[1141000 ns] PASS #101  R1 addr=31 data=a5a5001f  (random R1)
[1142000 ns] PASS #102  R2 addr=28 data=150fdd2a  (random R2)
[1161000 ns] PASS #103  R1 addr=16 data=a5a50010  (random R1)
[1162000 ns] PASS #104  R2 addr=23 data=a5a50017  (random R2)
[1181000 ns] PASS #105  R1 addr=2 data=a5a50002  (random R1)
[1182000 ns] PASS #106  R2 addr=8 data=a5a50008  (random R2)
[1201000 ns] PASS #107  R1 addr=30 data=a5a5001e  (random R1)
[1202000 ns] PASS #108  R2 addr=13 data=b2c28465  (random R2)
[1221000 ns] PASS #109  R1 addr=5 data=2e58495c  (random R1)
[1222000 ns] PASS #110  R2 addr=24 data=a5a50018  (random R2)
[1241000 ns] PASS #111  R1 addr=10 data=a5a5000a  (random R1)
[1242000 ns] PASS #112  R2 addr=24 data=a5a50018  (random R2)
[1261000 ns] PASS #113  R1 addr=26 data=a5a5001a  (random R1)
[1262000 ns] PASS #114  R2 addr=6 data=c71a0c8e  (random R2)
[1281000 ns] PASS #115  R1 addr=19 data=d18bb4a3  (random R1)
[1282000 ns] PASS #116  R2 addr=31 data=a5a5001f  (random R2)
[1301000 ns] PASS #117  R1 addr=6 data=c71a0c8e  (random R1)
[1302000 ns] PASS #118  R2 addr=26 data=a5a5001a  (random R2)
[1321000 ns] PASS #119  R1 addr=5 data=2e58495c  (random R1)
[1322000 ns] PASS #120  R2 addr=21 data=a5a50015  (random R2)
[1341000 ns] PASS #121  R1 addr=16 data=a5a50010  (random R1)
[1342000 ns] PASS #122  R2 addr=10 data=a5a5000a  (random R2)
[1361000 ns] PASS #123  R1 addr=26 data=a5a5001a  (random R1)
[1362000 ns] PASS #124  R2 addr=29 data=cb203e96  (random R2)
[1381000 ns] PASS #125  R1 addr=7 data=deadbeef  (random R1)
[1382000 ns] PASS #126  R2 addr=10 data=a5a5000a  (random R2)
[1401000 ns] PASS #127  R1 addr=24 data=a5a50018  (random R1)
[1402000 ns] PASS #128  R2 addr=20 data=cafebabe  (random R2)
[1421000 ns] PASS #129  R1 addr=27 data=248b4b49  (random R1)
[1422000 ns] PASS #130  R2 addr=13 data=b2c28465  (random R2)
[1441000 ns] PASS #131  R1 addr=10 data=a5a5000a  (random R1)
[1442000 ns] PASS #132  R2 addr=22 data=9c0e8a38  (random R2)
[1461000 ns] PASS #133  R1 addr=23 data=1ef2ed3d  (random R1)
[1462000 ns] PASS #134  R2 addr=9 data=f682e2ed  (random R2)
[1481000 ns] PASS #135  R1 addr=13 data=b2c28465  (random R1)
[1482000 ns] PASS #136  R2 addr=7 data=deadbeef  (random R2)
[1501000 ns] PASS #137  R1 addr=29 data=cb203e96  (random R1)
[1502000 ns] PASS #138  R2 addr=9 data=f682e2ed  (random R2)
[1521000 ns] PASS #139  R1 addr=29 data=cb203e96  (random R1)
[1522000 ns] PASS #140  R2 addr=6 data=c71a0c8e  (random R2)
[1541000 ns] PASS #141  R1 addr=30 data=a5a5001e  (random R1)
[1542000 ns] PASS #142  R2 addr=26 data=a5a5001a  (random R2)
[1561000 ns] PASS #143  R1 addr=23 data=1ef2ed3d  (random R1)
[1562000 ns] PASS #144  R2 addr=22 data=9c0e8a38  (random R2)
[1581000 ns] PASS #145  R1 addr=29 data=cb203e96  (random R1)
[1582000 ns] PASS #146  R2 addr=28 data=43356786  (random R2)
[1601000 ns] PASS #147  R1 addr=27 data=248b4b49  (random R1)
[1602000 ns] PASS #148  R2 addr=15 data=7c6da9f8  (random R2)
[1621000 ns] PASS #149  R1 addr=23 data=1ef2ed3d  (random R1)
[1622000 ns] PASS #150  R2 addr=1 data=a5a50001  (random R2)
[1641000 ns] PASS #151  R1 addr=21 data=8d24f61a  (random R1)
[1642000 ns] PASS #152  R2 addr=9 data=f682e2ed  (random R2)
[1661000 ns] PASS #153  R1 addr=11 data=076fcf0e  (random R1)
[1662000 ns] PASS #154  R2 addr=19 data=823f2c04  (random R2)
[1681000 ns] PASS #155  R1 addr=8 data=a5a50008  (random R1)
[1682000 ns] PASS #156  R2 addr=9 data=f682e2ed  (random R2)
[1701000 ns] PASS #157  R1 addr=31 data=3cf11979  (random R1)
[1702000 ns] PASS #158  R2 addr=10 data=a5a5000a  (random R2)
[1721000 ns] PASS #159  R1 addr=24 data=a5a50018  (random R1)
[1722000 ns] PASS #160  R2 addr=25 data=fd28e4fa  (random R2)
[1741000 ns] PASS #161  R1 addr=11 data=076fcf0e  (random R1)
[1742000 ns] PASS #162  R2 addr=7 data=deadbeef  (random R2)
[1761000 ns] PASS #163  R1 addr=25 data=fd28e4fa  (random R1)
[1762000 ns] PASS #164  R2 addr=18 data=452e618a  (random R2)
[1781000 ns] PASS #165  R1 addr=26 data=a5a5001a  (random R1)
[1782000 ns] PASS #166  R2 addr=18 data=452e618a  (random R2)
[1801000 ns] PASS #167  R1 addr=4 data=7bf8fdf7  (random R1)
[1802000 ns] PASS #168  R2 addr=10 data=c6b5f48d  (random R2)
[1821000 ns] PASS #169  R1 addr=27 data=248b4b49  (random R1)
[1822000 ns] PASS #170  R2 addr=11 data=076fcf0e  (random R2)
[1822000 ns] ==================================================
[1822000 ns] SUMMARY  total=170  pass=170  fail=0
[1822000 ns] RESULT : ALL TESTS PASSED
